 []  DENDROCHRONOLOGY PROGRAM LIBRARY                                       Run 13     Program COF  10:02  Thu 25 Sep 2025  Page   1
 []
 []  P R O G R A M      C O F E C H A                                                                         Version 4.04P    33142
 -----------------------------------------------------------------------------------------------------------------------------------

 QUALITY CONTROL AND DATING CHECK OF TREE-RING MEASUREMENTS

 File of DATED series:   13.txt

 CONTENTS:

    Part 1:  Title page, options selected, summary, absent rings by series
    Part 2:  Histogram of time spans
    Part 3:  Master series with sample depth and absent rings by year
    Part 4:  Bar plot of Master Dating Series
    Part 5:  Correlation by segment of each series with Master
    Part 6:  Potential problems: low correlation, divergent year-to-year changes, absent rings, outliers
    Part 7:  Descriptive statistics

 RUN CONTROL OPTIONS SELECTED                             VALUE

         1  Cubic smoothing spline 50% wavelength cutoff for filtering
                                                            32 years
         2  Segments examined are                           20 years lagged successively by  10 years
         3  Autoregressive model applied                     A  Residuals are used in master dating series and testing
         4  Series transformed to logarithms                 Y  Each series log-transformed for master dating series and testing
         5  Critical correlation, 99% confidence level   .5155
         6  Master dating series saved                       N
         7  Ring measurements listed                         N
         8  Parts printed                              1234567 
         9  Absent rings included in master series           N

 Time span of Master dating series is  1862 to  2022   161 years
 Continuous time span is               1862 to  2022   161 years
 Portion with two or more series is    1929 to  2022    94 years


                                        ****************************************
                                        *C* Number of dated series         7 *C*
                                        *O* Master series 1862 2022  161 yrs *O*
                                        *F* Total rings in all series    599 *F*
                                        *E* Total dated rings checked    532 *E*
                                        *C* Series intercorrelation     .573 *C*
                                        *H* Average mean sensitivity    .250 *H*
                                        *A* Segments, possible problems   14 *A*
                                        ****************************************
 
 ABSENT RINGS listed by SERIES:            (See Master Dating Series for absent rings listed by year)
 
               No ring measurements of zero value
 PART 2:  TIME PLOT OF TREE-RING SERIES:                                                           10:02  Thu 25 Sep 2025  Page   2
 -----------------------------------------------------------------------------------------------------------------------------------
                                                                                                                      Beg  End
 1000      1100      1200      1300      1400      1500      1600      1700      1800      1900      2000 Ident   Seq year year  Yrs
   :    :    :    :    :    :    :    :    :    :    :    :    :    :    :    :    :    :    :    :    : -------- --- ---- ---- ----
   .    .    .    .    .    .    .    .    .    .    .    .    .    .    .    .    .    .    . <======== PEL06B     1 1929 2022   94
   .    .    .    .    .    .    .    .    .    .    .    .    .    .    .    .    .    .    .   <====== PEL01A     2 1948 2022   75
   .    .    .    .    .    .    .    .    .    .    .    .    .    .    .    .    .    .    .   <====== PEL02A     3 1940 2022   83
   .    .    .    .    .    .    .    .    .    .    .    .    .    .    .    .    .    .<============== PEL11A     4 1862 2022  161
   .    .    .    .    .    .    .    .    .    .    .    .    .    .    .    .    .    .    .    .<==== PEL14A     5 1968 2022   55
   .    .    .    .    .    .    .    .    .    .    .    .    .    .    .    .    .    .    .    <===== PEL10A     6 1953 2022   70
   .    .    .    .    .    .    .    .    .    .    .    .    .    .    .    .    .    .    .    .<==== PEL07A     7 1962 2022   61
   :    :    :    :    :    :    :    :    :    :    :    :    :    :    :    :    :    :    :    :    :
 1000      1100      1200      1300      1400      1500      1600      1700      1800      1900      2000
 PART 3:  Master Dating Series:                                                                    10:02  Thu 25 Sep 2025  Page   3
 -----------------------------------------------------------------------------------------------------------------------------------
  Year  Value  No Ab    Year  Value  No Ab    Year  Value  No Ab    Year  Value  No Ab    Year  Value  No Ab    Year  Value  No Ab
  ------------------    ------------------    ------------------    ------------------    ------------------    ------------------
                                                                                          1900  -.845   1       1950  1.002   4
                                                                                          1901 -1.016   1       1951   .110   4
                                                                                          1902 -1.387   1       1952  -.694   4
                                                                                          1903 -1.415   1       1953  -.529   5
                                                                                          1904 -1.093   1       1954   .412   5
                                                                                          1905  1.280   1       1955   .056   5
                                                                                          1906  1.779   1       1956 -1.657   5
                                                                                          1907   .745   1       1957  -.925   5
                                                                                          1908   .749   1       1958  -.124   5
                                                                                          1909   .686   1       1959 -1.305   5
 
                                                                                          1910  -.869   1       1960   .365   5
                                                                                          1911  -.581   1       1961  -.912   5
                                                                    1862   .603   1       1912  -.589   1       1962  -.377   6
                                                                    1863  -.280   1       1913 -1.353   1       1963   .558   6
                                                                    1864   .423   1       1914  -.582   1       1964  1.433   6
                                                                    1865  1.571   1       1915   .737   1       1965   .273   6
                                                                    1866   .860   1       1916  1.496   1       1966  1.095   6
                                                                    1867  1.861   1       1917  1.255   1       1967   .815   6
                                                                    1868 -2.762   1       1918   .931   1       1968   .820   7
                                                                    1869  -.613   1       1919   .812   1       1969  -.351   7
 
                                                                    1870  -.821   1       1920  1.164   1       1970   .887   7
                                                                    1871  -.312   1       1921   .670   1       1971   .867   7
                                                                    1872   .695   1       1922 -2.252   1       1972  -.372   7
                                                                    1873  -.635   1       1923 -1.758   1       1973  -.070   7
                                                                    1874  -.339   1       1924  -.581   1       1974  -.628   7
                                                                    1875 -1.066   1       1925   .976   1       1975  -.280   7
                                                                    1876 -3.305   1       1926   .786   1       1976  -.106   7
                                                                    1877 -2.565   1       1927   .359   1       1977 -1.398   7
                                                                    1878   .684   1       1928  -.031   1       1978 -1.444   7
                                                                    1879  1.206   1       1929 -1.485   2       1979   .259   7
 
                                                                    1880   .709   1       1930  -.264   2       1980   .705   7
                                                                    1881  1.105   1       1931  -.901   2       1981  -.199   7
                                                                    1882  -.305   1       1932  -.210   2       1982  -.889   7
                                                                    1883  -.199   1       1933  2.183   2       1983 -1.133   7
                                                                    1884   .336   1       1934   .947   2       1984  -.235   7
                                                                    1885   .925   1       1935   .725   2       1985  -.474   7
                                                                    1886   .008   1       1936  -.036   2       1986  -.411   7
                                                                    1887  -.111   1       1937 -1.083   2       1987  -.121   7
                                                                    1888  1.160   1       1938  -.144   2       1988   .519   7
                                                                    1889  1.537   1       1939  -.731   2       1989  1.247   7
 
                                                                    1890  1.950   1       1940   .132   3       1990   .823   7
                                                                    1891  1.710   1       1941  -.075   3       1991  1.821   7
                                                                    1892   .685   1       1942  -.500   3       1992  1.549   7
                                                                    1893  -.507   1       1943 -1.444   3       1993   .909   7
                                                                    1894  -.766   1       1944 -1.932   3       1994   .103   7
                                                                    1895  -.485   1       1945   .230   3       1995  -.359   7
                                                                    1896  -.616   1       1946  1.026   3       1996   .014   7
                                                                    1897  -.775   1       1947  1.149   3       1997  -.618   7
                                                                    1898   .161   1       1948  1.527   4       1998 -1.090   7
                                                                    1899 -1.305   1       1949   .695   4       1999 -1.572   7
 PART 3:  Master Dating Series:                                                                    10:02  Thu 25 Sep 2025  Page   4
 -----------------------------------------------------------------------------------------------------------------------------------
  Year  Value  No Ab    Year  Value  No Ab    Year  Value  No Ab    Year  Value  No Ab    Year  Value  No Ab    Year  Value  No Ab
  ------------------    ------------------    ------------------    ------------------    ------------------    ------------------
  2000  -.544   7
  2001  -.570   7
  2002   .554   7
  2003   .519   7
  2004   .406   7
  2005   .934   7
  2006   .054   7
  2007   .175   7
  2008  -.939   7
  2009   .574   7
 
  2010  1.061   7
  2011   .267   7
  2012   .884   7
  2013 -1.628   7
  2014 -1.061   7
  2015  -.121   7
  2016   .101   7
  2017  -.751   7
  2018  -.879   7
  2019   .635   7
 
  2020  -.149   7
  2021   .808   7
  2022   .994   7
 
 
 
 
 
 
 
 
 
 
 
 
 
 
 
 
 
 
 
 
 
 
 
 
 
 
 
 
 
 -----------------------------------------------------------------------------------------------------------------------------------
 PART 4:  Master Bar Plot:                                                                         10:02  Thu 25 Sep 2025  Page   5
 -----------------------------------------------------------------------------------------------------------------------------------
   Year Rel value  Year Rel value  Year Rel value  Year Rel value  Year Rel value  Year Rel value  Year Rel value  Year Rel value
                                                                                                   1900--c         1950---------D
                                                                                                   1901-d          1951-----@
                                                                                                   1902f           1952--c
                                                                                                   1903f           1953---b
                                                                                                   1904-d          1954------B
                                                                                                   1905---------E  1955-----@
                                                                                                   1906----------G 1956g
                                                                                                   1907-------C    1957-d
                                                                                                   1908-------C    1958-----@
                                                                                                   1909-------C    1959-e
   ----            ----            ----            ----            ----            ----            ----            ----
                                                                                                   1910--c         1960------A
                                                                                                   1911---b        1961-d
                                                                                   1862-------B    1912---b        1962---b
                                                                                   1863----a       1913e           1963-------B
                                                                                   1864------B     1914---b        1964----------F
                                                                                   1865----------F 1915-------C    1965------A
                                                                                   1866--------C   1916----------F 1966---------D
                                                                                   1867----------G 1917---------E  1967--------C
                                                                                   1868k           1918--------D   1968--------C
                                                                                   1869---b        1919--------C   1969----a
   ----            ----            ----            ----            ----            ----            ----            ----
                                                                                   1870--c         1920---------E  1970--------D
                                                                                   1871----a       1921-------C    1971--------C
                                                                                   1872-------C    1922i           1972---a
                                                                                   1873--c         1923g           1973-----@
                                                                                   1874----a       1924---b        1974--c
                                                                                   1875-d          1925---------D  1975----a
                                                                                   1876m           1926--------C   1976-----@
                                                                                   1877j           1927------A     1977f
                                                                                   1878-------C    1928-----@      1978f
                                                                                   1879---------E  1929f           1979------A
   ----            ----            ----            ----            ----            ----            ----            ----
                                                                                   1880-------C    1930----a       1980-------C
                                                                                   1881---------D  1931-d          1981----a
                                                                                   1882----a       1932----a       1982--d
                                                                                   1883----a       1933----------I 1983-e
                                                                                   1884------A     1934---------D  1984----a
                                                                                   1885--------D   1935-------C    1985---b
                                                                                   1886-----@      1936-----@      1986---b
                                                                                   1887-----@      1937-d          1987-----@
                                                                                   1888---------E  1938----a       1988-------B
                                                                                   1889----------F 1939--c         1989---------E
   ----            ----            ----            ----            ----            ----            ----            ----
                                                                                   1890----------H 1940-----A      1990--------C
                                                                                   1891----------G 1941-----@      1991----------G
                                                                                   1892-------C    1942---b        1992----------F
                                                                                   1893---b        1943f           1993--------D
                                                                                   1894--c         1944h           1994-----@
                                                                                   1895---b        1945------A     1995----a
                                                                                   1896---b        1946---------D  1996-----@
                                                                                   1897--c         1947---------E  1997---b
                                                                                   1898------A     1948----------F 1998-d
                                                                                   1899-e          1949-------C    1999f
 PART 4:  Master Bar Plot:                                                                         10:02  Thu 25 Sep 2025  Page   6
 -----------------------------------------------------------------------------------------------------------------------------------
   Year Rel value  Year Rel value  Year Rel value  Year Rel value  Year Rel value  Year Rel value  Year Rel value  Year Rel value
   2000---b
   2001---b
   2002-------B
   2003-------B
   2004------B
   2005--------D
   2006-----@
   2007------A
   2008-d
   2009-------B
   ----            ----            ----            ----            ----            ----            ----            ----
   2010---------D
   2011------A
   2012--------D
   2013g
   2014-d
   2015-----@
   2016-----@
   2017--c
   2018--d
   2019-------C
   ----            ----            ----            ----            ----            ----            ----            ----
   2020----a
   2021--------C
   2022---------D
 
 
 
 
 
 
 
   ----            ----            ----            ----            ----            ----            ----            ----
 
 
 
 
 
 
 
 
 
 
   ----            ----            ----            ----            ----            ----            ----            ----
 
 
 
 
 
 
 
 
 
 
 PART 5:  CORRELATION OF SERIES BY SEGMENTS:                                                       10:02  Thu 25 Sep 2025  Page   5
 -----------------------------------------------------------------------------------------------------------------------------------
 Correlations of  20-year dated segments, lagged  10 years
 Flags:  A = correlation under   .5155 but highest as dated;  B = correlation higher at other than dated position

 Seq Series  Time_span   1920 1930 1940 1950 1960 1970 1980 1990 2000 2010
                         1939 1949 1959 1969 1979 1989 1999 2009 2019 2029
 --- -------- ---------  ---- ---- ---- ---- ---- ---- ---- ---- ---- ---- ---- ---- ---- ---- ---- ---- ---- ---- ---- ----
   1 PEL06B   1929 2022   .67  .62  .72  .53  .51A .65  .64  .73  .75  .76
   2 PEL01A   1948 2022             .81  .79  .63  .41B .52  .32B .54  .53
   3 PEL02A   1940 2022             .57  .61  .77  .64  .54B .63  .92  .88
   4 PEL11A   1862 2022   .66  .65  .61  .46A .61  .71  .58  .53  .45A .51A
   5 PEL14A   1968 2022                       .42B .53  .64  .68  .32B .31B
   6 PEL10A   1953 2022                  .56  .57  .45B .67  .61  .49A .53
   7 PEL07A   1962 2022                       .20B .52  .60B .61  .63  .66
 PART 6:  POTENTIAL PROBLEMS:                                                                      10:02  Thu 25 Sep 2025  Page   7
 -----------------------------------------------------------------------------------------------------------------------------------
 
 For each series with potential problems the following diagnostics may appear:
 
 [A] Correlations with master dating series of flagged  20-year segments of series filtered with  32-year spline,
     at every point from ten years earlier (-10) to ten years later (+10) than dated
 
 [B] Effect of those data values which most lower or raise correlation with master series
 
 [C] Year-to-year changes very different from the mean change in other series
 
 [D] Absent rings (zero values)
 
 [E] Values which are statistical outliers from mean for the year
 ===================================================================================================================================
 
 PEL06B    1929 to  2022      94 years                                                                                    Series   1
 
 [A] Segment   High   -10   -9   -8   -7   -6   -5   -4   -3   -2   -1   +0   +1   +2   +3   +4   +5   +6   +7   +8   +9  +10
    ---------  ----   ---  ---  ---  ---  ---  ---  ---  ---  ---  ---  ---  ---  ---  ---  ---  ---  ---  ---  ---  ---  ---
    1960 1979    0   -.16  .27 -.23  .01  .09 -.01 -.16  .41 -.01 -.25  .51* .16 -.40 -.19  .41 -.20 -.06 -.02 -.02  .26  .10
 
 [B] Entire series, effect on correlation (  .639) is:
       Lower   1968  -.046   1939  -.024   2012  -.017   1932  -.012  Higher   2013   .031   1956   .022   1933   .020   1977   .011
     1960 to 1979 segment:
       Lower   1968  -.239   1973  -.030   1978  -.018   1969  -.017  Higher   1977   .099   1964   .045   1961   .039   1966   .026
 
 [E] Outliers     5   3.0 SD above or -4.5 SD below mean for year
       1932 +4.6 SD;    1939 +4.5 SD;    1952 +4.1 SD;    1973 +4.7 SD;    2019 +4.5 SD
 ===================================================================================================================================
 
 PEL01A    1948 to  2022      75 years                                                                                    Series   2
 
 [A] Segment   High   -10   -9   -8   -7   -6   -5   -4   -3   -2   -1   +0   +1   +2   +3   +4   +5   +6   +7   +8   +9  +10
    ---------  ----   ---  ---  ---  ---  ---  ---  ---  ---  ---  ---  ---  ---  ---  ---  ---  ---  ---  ---  ---  ---  ---
    1970 1989    3    .05  .09 -.09 -.57 -.01  .01  .00 -.25  .05 -.05  .41| .36 -.02  .60* .49  .28  .19  .03 -.11 -.21 -.26
    - - - - - - - - - - - - - - - - - - - - - - - - - - - - - - - - - - - - - - - - - - - - - - - - - - - - - - - - - - - - -
    1990 2009   -7    .01  .17  .19  .43*-.15 -.20 -.26 -.27 -.01 -.17  .32| .18  .26  .01 -.34  .13 -.10  .31  .13 -.09 -.08
 
 [B] Entire series, effect on correlation (  .563) is:
       Lower   2006  -.030   1971  -.026   2017  -.024   2005  -.023  Higher   2013   .049   1956   .029   1959   .019   1991   .019
     1970 to 1989 segment:
       Lower   1971  -.221   1979  -.055   1973  -.028   1985  -.017  Higher   1977   .086   1989   .084   1970   .073   1988   .040
     1990 to 2009 segment:
       Lower   2006  -.100   2005  -.095   1999  -.072   1993  -.021  Higher   1991   .129   2008   .065   2002   .036   2009   .034
 
 [E] Outliers     8   3.0 SD above or -4.5 SD below mean for year
       1952 -4.6 SD;    1998 +3.5 SD;    1999 +5.1 SD;    2006 -7.4 SD;    2014 +5.3 SD;    2015 +3.5 SD;    2017 -4.9 SD;
       2018 -4.8 SD
 ===================================================================================================================================
 
 PEL02A    1940 to  2022      83 years                                                                                    Series   3
 
 [A] Segment   High   -10   -9   -8   -7   -6   -5   -4   -3   -2   -1   +0   +1   +2   +3   +4   +5   +6   +7   +8   +9  +10
    ---------  ----   ---  ---  ---  ---  ---  ---  ---  ---  ---  ---  ---  ---  ---  ---  ---  ---  ---  ---  ---  ---  ---
    1980 1999   -1   -.21 -.05 -.27 -.49 -.14 -.01  .05 -.10  .34  .61* .54| .52  .27  .37 -.12 -.04 -.58 -.33 -.39 -.32 -.28
 
 [B] Entire series, effect on correlation (  .696) is:
       Lower   1950  -.042   1996  -.020   1997  -.020   1957  -.009  Higher   2013   .043   1977   .012   1991   .010   1999   .009
     1980 to 1999 segment:
       Lower   1996  -.134   1997  -.116   1980  -.026   1985  -.017  Higher   1991   .118   1999   .099   1989   .035   1998   .030
 
 [E] Outliers     7   3.0 SD above or -4.5 SD below mean for year
       1941 +3.1 SD;    1950 -5.4 SD;    1957 +3.7 SD;    1958 +3.6 SD;    1967 +4.2 SD;    1968 +3.4 SD;    2012 +3.5 SD
 ===================================================================================================================================
 
 PEL11A    1862 to  2022     161 years                                                                                    Series   4
 
 [*] Early part of series cannot be checked from 1862 to 1928 -- not matched by another series
 
 [A] Segment   High   -10   -9   -8   -7   -6   -5   -4   -3   -2   -1   +0   +1   +2   +3   +4   +5   +6   +7   +8   +9  +10
    ---------  ----   ---  ---  ---  ---  ---  ---  ---  ---  ---  ---  ---  ---  ---  ---  ---  ---  ---  ---  ---  ---  ---
    1950 1969    0   -.12 -.10  .13 -.69  .07 -.07  .12 -.04  .22  .06  .46*-.07  .04  .05  .40  .02 -.41  .15  .03 -.37  .06
    - - - - - - - - - - - - - - - - - - - - - - - - - - - - - - - - - - - - - - - - - - - - - - - - - - - - - - - - - - - - -
    2000 2019    0   -.04 -.30 -.39  .21 -.38  .43 -.12 -.17  .10  .09  .45*-.45  .20 -.10    -    -    -    -    -    -    -
    2003 2022    0    .11 -.29 -.32  .32 -.37  .34 -.15 -.13  .01  .06  .51*   -    -    -    -    -    -    -    -    -    -
 
 [B] Entire series, effect on correlation (  .541) is:
       Lower   2017  -.026   1967  -.023   1939  -.017   2016  -.017  Higher   2013   .031   1933   .025   1991   .014   1977   .013
     1950 to 1969 segment:
       Lower   1967  -.125   1957  -.043   1958  -.020   1950  -.013  Higher   1956   .053   1964   .047   1966   .033   1969   .024
     2000 to 2019 segment:
       Lower   2017  -.114   2016  -.071   2002  -.048   2018  -.027  Higher   2013   .250   2008   .033   2010   .027   2019   .020
     2003 to 2022 segment:
       Lower   2017  -.109   2016  -.069   2018  -.037   2011  -.030  Higher   2013   .231   2008   .033   2010   .021   2005   .016
 
 [E] Outliers     9   3.0 SD above or -4.5 SD below mean for year
       1932 -4.6 SD;    1950 +4.1 SD;    1951 +3.1 SD;    1978 +3.7 SD;    1980 +3.6 SD;    2002 -4.6 SD;    2006 +3.2 SD;
       2016 +4.0 SD;    2017 +6.3 SD
 ===================================================================================================================================
 
 PEL14A    1968 to  2022      55 years                                                                                    Series   5
 
 [A] Segment   High   -10   -9   -8   -7   -6   -5   -4   -3   -2   -1   +0   +1   +2   +3   +4   +5   +6   +7   +8   +9  +10
    ---------  ----   ---  ---  ---  ---  ---  ---  ---  ---  ---  ---  ---  ---  ---  ---  ---  ---  ---  ---  ---  ---  ---
    1968 1987   -3   -.13 -.07 -.01 -.01  .01 -.23  .34  .43*-.31  .04  .42|-.14  .01 -.15 -.04  .19 -.20 -.22  .15  .32  .17
    - - - - - - - - - - - - - - - - - - - - - - - - - - - - - - - - - - - - - - - - - - - - - - - - - - - - - - - - - - - - -
    2000 2019   -3    .33  .03  .19 -.36 -.32  .02 -.39  .61*-.07  .13  .32|-.15 -.04 -.24    -    -    -    -    -    -    -
    2003 2022   -3    .25  .19 -.08 -.17 -.31  .09 -.40  .56*-.01  .03  .31|   -    -    -    -    -    -    -    -    -    -
 
 [B] Entire series, effect on correlation (  .484) is:
       Lower   2016  -.078   1982  -.028   1975  -.020   2022  -.019  Higher   1999   .026   1991   .022   1970   .017   1989   .017
     1968 to 1987 segment:
       Lower   1982  -.104   1975  -.085   1983  -.060   1969  -.029  Higher   1970   .105   1979   .057   1977   .048   1972   .038
     2000 to 2019 segment:
       Lower   2016  -.193   2009  -.030   2004  -.025   2006  -.024  Higher   2013   .060   2008   .054   2012   .040   2019   .029
     2003 to 2022 segment:
       Lower   2016  -.167   2022  -.036   2009  -.028   2004  -.023  Higher   2013   .062   2008   .054   2012   .036   2021   .034
 
 [E] Outliers     6   3.0 SD above or -4.5 SD below mean for year
       1982 +4.1 SD;    1983 +5.7 SD;    2012 +3.6 SD;    2013 +3.6 SD;    2015 +3.8 SD;    2016 -5.3 SD
 ===================================================================================================================================
 
 PEL10A    1953 to  2022      70 years                                                                                    Series   6
 
 [A] Segment   High   -10   -9   -8   -7   -6   -5   -4   -3   -2   -1   +0   +1   +2   +3   +4   +5   +6   +7   +8   +9  +10
    ---------  ----   ---  ---  ---  ---  ---  ---  ---  ---  ---  ---  ---  ---  ---  ---  ---  ---  ---  ---  ---  ---  ---
    1970 1989   -4   -.19  .35 -.02  .00 -.09  .03  .66*-.04 -.42  .21  .45| .13 -.13 -.24  .08 -.08 -.42 -.26 -.07  .33 -.27
    - - - - - - - - - - - - - - - - - - - - - - - - - - - - - - - - - - - - - - - - - - - - - - - - - - - - - - - - - - - - -
    2000 2019    0   -.29  .04 -.09  .36  .08  .05 -.26 -.29 -.09  .05  .49*-.10  .19  .13    -    -    -    -    -    -    -
 
 [B] Entire series, effect on correlation (  .556) is:
       Lower   1959  -.035   2014  -.026   1955  -.016   1977  -.013  Higher   2013   .050   1956   .035   1991   .021   1961   .011
     1970 to 1989 segment:
       Lower   1977  -.070   1972  -.044   1981  -.028   1973  -.024  Higher   1970   .055   1979   .038   1989   .031   1980   .026
     2000 to 2019 segment:
       Lower   2014  -.082   2008  -.043   2016  -.028   2000  -.026  Higher   2013   .258   2009   .034   2005   .018   2012   .011
 
 [E] Outliers     8   3.0 SD above or -4.5 SD below mean for year
       1959 +4.6 SD;    1962 +4.5 SD;    1963 +3.1 SD;    1980 +4.0 SD;    2000 +3.6 SD;    2009 +4.3 SD;    2014 -5.0 SD;
       2015 -4.5 SD
 ===================================================================================================================================
 
 PEL07A    1962 to  2022      61 years                                                                                    Series   7
 
 [A] Segment   High   -10   -9   -8   -7   -6   -5   -4   -3   -2   -1   +0   +1   +2   +3   +4   +5   +6   +7   +8   +9  +10
    ---------  ----   ---  ---  ---  ---  ---  ---  ---  ---  ---  ---  ---  ---  ---  ---  ---  ---  ---  ---  ---  ---  ---
    1962 1981  -10    .47*-.24 -.21  .26 -.29 -.02  .10 -.12 -.31  .36  .20|-.37 -.21  .27 -.24  .21  .14 -.23  .23  .25 -.03
    - - - - - - - - - - - - - - - - - - - - - - - - - - - - - - - - - - - - - - - - - - - - - - - - - - - - - - - - - - - - -
    1980 1999   -1   -.12 -.29 -.53 -.32 -.32 -.13  .05 -.11  .39  .69* .60| .30  .20  .04 -.17 -.32 -.56 -.28 -.16  .07 -.01
 
 [B] Entire series, effect on correlation (  .462) is:
       Lower   1966  -.081   1965  -.058   1981  -.022   1963  -.015  Higher   2013   .072   1999   .029   1977   .023   1991   .020
     1962 to 1981 segment:
       Lower   1966  -.191   1965  -.139   1981  -.051   1963  -.032  Higher   1977   .099   1969   .083   1972   .064   1964   .050
     1980 to 1999 segment:
       Lower   1981  -.106   1984  -.054   1996  -.025   1986  -.020  Higher   1999   .085   1991   .068   1992   .032   1997   .022
 
 [E] Outliers     7   3.0 SD above or -4.5 SD below mean for year
       1965 +5.3 SD;    1976 +3.1 SD;    1980 +3.4 SD;    1981 +5.0 SD;    2000 +3.0 SD;    2001 +5.4 SD;    2002 +3.5 SD
 ===================================================================================================================================
 PART 7:  DESCRIPTIVE STATISTICS:                                                                  10:02  Thu 25 Sep 2025  Page   8
 -----------------------------------------------------------------------------------------------------------------------------------
 
                                                Corr   //-------- Unfiltered --------\\  //---- Filtered -----\\
                           No.    No.    No.    with   Mean   Max     Std   Auto   Mean   Max     Std   Auto  AR
 Seq Series   Interval   Years  Segmt  Flags   Master  msmt   msmt    dev   corr   sens  value    dev   corr  ()
 --- -------- ---------  -----  -----  -----   ------ -----  -----  -----  -----  -----  -----  -----  -----  --
   1 PEL06B   1929 2022     94     10      1    .639   1.25   3.21   .798   .943   .163   2.16   .415   .011   1
   2 PEL01A   1948 2022     75      8      2    .563   1.31   6.03  1.477   .885   .270   1.95   .379   .004   1
   3 PEL02A   1940 2022     83      8      1    .696   1.37   3.74  1.112   .935   .202   1.87   .347  -.078   1
   4 PEL11A   1862 2022    161     10      3    .541   1.81   8.78  1.598   .848   .280   1.93   .267  -.038   1
   5 PEL14A   1968 2022     55      6      3    .484   2.61   4.75   .816   .575   .247   2.08   .455   .006   1
   6 PEL10A   1953 2022     70      7      2    .556   1.91   4.63   .776   .617   .275   2.21   .545   .090   1
   7 PEL07A   1962 2022     61      6      2    .462   2.26   8.89  1.413   .614   .321   2.03   .511  -.072   2
 --- -------- ---------  -----  -----  -----   ------ -----  -----  -----  -----  -----  -----  -----  -----  --
 Total or mean:            599     55     14    .573   1.73   8.89  1.203   .804   .250   2.21   .390  -.015

                                              - = [  COFECHA 13   COF  ] = -
